Listing '/'...
Compiling '/main.py'...